
> test
> meteor test --once --driver-package meteortesting:mocha --port 3020

[[[[[ Tests ]]]]]

=> Started proxy.
=> Started HMR server.
=> Started MongoDB.
node.exe : 
At line:1 char:1
+ & "C:\Program 
Files\nodejs/node.exe" 
"C:\Program 
Files\nodejs/node_mo ...
+ ~~~~~~~~~~~~~~~~~~~~~~~~~~~~~~
~~~~~~~~~~~~~~~~~~~~~~~~~~~~~~~~
~~~~~~~
    + CategoryInfo          : N 
   otSpecified: (:String) [],   
  RemoteException
    + FullyQualifiedErrorId : N 
   ativeCommandError
 
Unable to resolve some modules:

  "chai" in /D/Apps/SIGAP-IT2/te
sts/tickets.test.js 
(web.browser)

If you notice problems related 
to these missing modules, 
consider running:

  meteor npm install --save chai


Unable to resolve some modules:

  "chai" in /D/Apps/SIGAP-IT2/te
sts/tickets.test.js 
(web.browser.legacy)

If you notice problems related 
to these missing modules, 
consider running:

  meteor npm install --save chai


Unable to resolve some modules:

  "chai" in /D/Apps/SIGAP-IT2/te
sts/tickets.test.js 
(os.windows.x86_64)

If you notice problems related 
to these missing modules, 
consider running:

  meteor npm install --save chai

W20260112-23:21:15.846(7)? (STDERR) packages\core-runtime.js:189
W20260112-23:21:15.867(7)? (STDERR)             throw error;
W20260112-23:21:15.867(7)? (STDERR)             ^
W20260112-23:21:15.867(7)? (STDERR) 
W20260112-23:21:15.868(7)? (STDERR) Error: Cannot find module 'chai'
W20260112-23:21:15.868(7)? (STDERR) Require stack:
W20260112-23:21:15.868(7)? (STDERR) - C:\Users\Egogohub\AppData\Local\Temp\meteor-test-run1kyxkib.emm8\.meteor\local\build\programs\server\boot.js
W20260112-23:21:15.869(7)? (STDERR) - C:\Users\Egogohub\AppData\Local\Temp\meteor-test-run1kyxkib.emm8\.meteor\local\build\main.js
W20260112-23:21:15.869(7)? (STDERR)     at Function._resolveFilename (node:internal/modules/cjs/loader:1365:15)
W20260112-23:21:15.870(7)? (STDERR)     at Function.resolve (node:internal/modules/helpers:145:19)
W20260112-23:21:15.870(7)? (STDERR)     at Object.require (C:\tools\static-assets\server\boot.js:295:34)
W20260112-23:21:15.870(7)? (STDERR)     at makeInstallerOptions.fallback (packages\modules-runtime.js:711:18)
W20260112-23:21:15.870(7)? (STDERR)     at Module.require (packages\modules-runtime.js:243:14)
W20260112-23:21:15.871(7)? (STDERR)     at Module.mod.require (C:\Users\Egogohub\AppData\Local\.meteor\packages\modules\0.20.3\npm\node_modules\@meteorjs\reify\lib\runtime\index.js:30:33)
W20260112-23:21:15.871(7)? (STDERR)     at Module.moduleLink [as link] (C:\Users\Egogohub\AppData\Local\.meteor\packages\modules\0.20.3\npm\node_modules\@meteorjs\reify\lib\runtime\index.js:102:22)
W20260112-23:21:15.871(7)? (STDERR)     at module (tests/tickets.test.js:1:21)
W20260112-23:21:15.871(7)? (STDERR)     at fileEvaluate (packages\modules-runtime.js:335:7)
W20260112-23:21:15.871(7)? (STDERR)     at Module.require (packages\modules-runtime.js:237:14)
W20260112-23:21:15.872(7)? (STDERR)     at Module.mod.require (C:\Users\Egogohub\AppData\Local\.meteor\packages\modules\0.20.3\npm\node_modules\@meteorjs\reify\lib\runtime\index.js:30:33)
W20260112-23:21:15.872(7)? (STDERR)     at Module.moduleLink [as link] (C:\Users\Egogohub\AppData\Local\.meteor\packages\modules\0.20.3\npm\node_modules\@meteorjs\reify\lib\runtime\index.js:102:22)
W20260112-23:21:15.872(7)? (STDERR)     at module (C:\Users\Egogohub\AppData\Local\Temp\meteor-test-run1kyxkib.emm8\.meteor\local\build\programs\server\app\app.js:1443:172)
W20260112-23:21:15.872(7)? (STDERR)     at fileEvaluate (packages\modules-runtime.js:335:7)
W20260112-23:21:15.872(7)? (STDERR)     at Module.require (packages\modules-runtime.js:237:14)
W20260112-23:21:15.873(7)? (STDERR)     at Module.mod.require (C:\Users\Egogohub\AppData\Local\.meteor\packages\modules\0.20.3\npm\node_modules\@meteorjs\reify\lib\runtime\index.js:30:33) {
W20260112-23:21:15.873(7)? (STDERR)   code: 'MODULE_NOT_FOUND',
W20260112-23:21:15.873(7)? (STDERR)   requireStack: [
W20260112-23:21:15.873(7)? (STDERR)     'C:\\Users\\Egogohub\\AppData\\Local\\Temp\\meteor-test-run1kyxkib.emm8\\.meteor\\local\\build\\programs\\server\\boot.js',
W20260112-23:21:15.873(7)? (STDERR)     'C:\\Users\\Egogohub\\AppData\\Local\\Temp\\meteor-test-run1kyxkib.emm8\\.meteor\\local\\build\\main.js'
W20260112-23:21:15.874(7)? (STDERR)   ]
W20260112-23:21:15.874(7)? (STDERR) }
W20260112-23:21:15.874(7)? (STDERR) 
W20260112-23:21:15.874(7)? (STDERR) Node.js v22.18.0
